{
    "type": "http://httpstatus.es/404",
    "title": "Not Found",
    "status": 404,
    "detail": "topic not found"
}